[2026-05-17T18:10:54.649Z] GET https://github.com/carlosazaustre/tenacitOS → pending (?ms, ?B)
[2026-05-17T18:10:58.496Z] GET https://github.githubassets.com/assets/light-2ff56e1b36116ee2.css → 200 (80ms, 76753B)
[2026-05-17T18:10:58.496Z] GET https://github.githubassets.com/assets/light_high_contrast-f7f95d7633592089.css → 200 (80ms, 77375B)
[2026-05-17T18:10:58.496Z] GET https://github.githubassets.com/assets/dark-2d1fe43dbc9adf1f.css → 200 (117ms, 76585B)
[2026-05-17T18:10:58.496Z] GET https://github.githubassets.com/assets/dark_high_contrast-d530ee188d165539.css → 200 (84ms, 77269B)
[2026-05-17T18:10:58.496Z] GET https://github.githubassets.com/assets/primer-primitives-7f694b60439d06c0.css → 200 (103ms, 10021B)
[2026-05-17T18:10:58.496Z] GET https://github.githubassets.com/assets/primer-bf8570e4081bd07e.css → 200 (117ms, 412358B)
[2026-05-17T18:10:58.505Z] GET https://github.githubassets.com/assets/global-5efd63e783ac04bb.css → 200 (93ms, 298845B)
[2026-05-17T18:10:58.505Z] GET https://github.githubassets.com/assets/github-f825c0edd7ad57f8.css → 200 (76ms, 157628B)
[2026-05-17T18:10:58.505Z] GET https://github.githubassets.com/assets/repository-0751f482f5210958.css → 200 (78ms, 31143B)
[2026-05-17T18:10:58.505Z] GET https://github.githubassets.com/assets/code-c4c2752e0df2fb31.css → 200 (108ms, 32242B)
[2026-05-17T18:10:58.505Z] GET https://github.githubassets.com/assets/high-contrast-cookie-771a5d64a9997172.js → 200 (138ms, 1120B)
[2026-05-17T18:10:58.505Z] GET https://github.githubassets.com/assets/wp-runtime-9f3a02f9972fae6b.js → 200 (304ms, 51556B)
[2026-05-17T18:10:58.505Z] GET https://github.githubassets.com/assets/fetch-utilities-18f7f90effa3f0dd.js → 200 (305ms, 7369B)
[2026-05-17T18:10:58.505Z] GET https://github.githubassets.com/assets/28839-28bb58f695d5e365.js → 200 (305ms, 19836B)
[2026-05-17T18:10:58.505Z] GET https://github.githubassets.com/assets/85924-1f0f5f61600f9c8e.js → 200 (302ms, 13482B)
[2026-05-17T18:10:58.505Z] GET https://github.githubassets.com/assets/34646-3b3c3c313ce5ddeb.js → 200 (301ms, 17199B)
[2026-05-17T18:10:58.505Z] GET https://github.githubassets.com/assets/environment-53f425896e39574b.js → 200 (302ms, 20205B)
[2026-05-17T18:10:58.505Z] GET https://github.githubassets.com/assets/runtime-helpers-6e561c87b9671d53.js → 200 (299ms, 2743B)
[2026-05-17T18:10:58.505Z] GET https://github.githubassets.com/assets/2966-db5d6e7392243767.js → 200 (379ms, ?B)
[2026-05-17T18:10:58.505Z] GET https://github.githubassets.com/assets/96232-2f91b960d23e9fb6.js → 200 (379ms, ?B)
[2026-05-17T18:10:58.505Z] GET https://github.githubassets.com/assets/41013-ce9f0a483fa6f641.js → 200 (376ms, ?B)
[2026-05-17T18:10:58.506Z] GET https://github.githubassets.com/assets/51210-07f0116b9064d4ba.js → 200 (373ms, ?B)
[2026-05-17T18:10:58.506Z] GET https://github.githubassets.com/assets/81058-4b90d5ffbf765928.js → 200 (378ms, ?B)
[2026-05-17T18:10:58.506Z] GET https://github.githubassets.com/assets/81683-6e791542fe2f37ce.js → 200 (378ms, ?B)
[2026-05-17T18:10:58.506Z] GET https://github.githubassets.com/assets/46740-4421ca06d57312cc.js → pending (?ms, ?B)
[2026-05-17T18:10:58.506Z] GET https://github.githubassets.com/assets/26859-860fabe66e46c274.js → pending (?ms, ?B)
[2026-05-17T18:10:58.506Z] GET https://github.githubassets.com/assets/44156-e3af230368d84cf1.js → pending (?ms, ?B)
[2026-05-17T18:10:58.506Z] GET https://github.githubassets.com/assets/github-elements-b02944871e808357.js → pending (?ms, ?B)
[2026-05-17T18:10:58.506Z] GET https://github.githubassets.com/assets/element-registry-93dd2f58d7d84d31.js → pending (?ms, ?B)
[2026-05-17T18:10:58.506Z] GET https://github.githubassets.com/assets/react-core-3a0bc3d3c10a831f.js → pending (?ms, ?B)
[2026-05-17T18:10:58.506Z] GET https://github.githubassets.com/assets/react-lib-493beffaa1062d35.js → pending (?ms, ?B)
[2026-05-17T18:10:58.506Z] GET https://github.githubassets.com/assets/79039-f2b81734929d0b15.js → pending (?ms, ?B)
[2026-05-17T18:10:58.506Z] GET https://github.githubassets.com/assets/61110-f40600dc68e4c6b0.js → pending (?ms, ?B)
[2026-05-17T18:10:58.506Z] GET https://github.githubassets.com/assets/2887-d67f71d8e1d3e1d8.js → pending (?ms, ?B)
[2026-05-17T18:10:58.506Z] GET https://github.githubassets.com/assets/26533-318ac47648fb7752.js → pending (?ms, ?B)
[2026-05-17T18:10:58.506Z] GET https://github.githubassets.com/assets/86483-00384068b148f370.js → pending (?ms, ?B)
[2026-05-17T18:10:58.506Z] GET https://github.githubassets.com/assets/49521-900eb9434ea3a3be.js → pending (?ms, ?B)
[2026-05-17T18:10:58.506Z] GET https://github.githubassets.com/assets/60481-2e0070b5d23b633a.js → pending (?ms, ?B)
[2026-05-17T18:10:58.506Z] GET https://github.githubassets.com/assets/46287-1fd98f482f71d12a.js → pending (?ms, ?B)
[2026-05-17T18:10:58.506Z] GET https://github.githubassets.com/assets/33805-370111b2dad9b744.js → pending (?ms, ?B)
[2026-05-17T18:10:58.506Z] GET https://github.githubassets.com/assets/89627-12a64f4329866bd1.js → pending (?ms, ?B)
[2026-05-17T18:10:58.506Z] GET https://github.githubassets.com/assets/79087-909cf11697b5f298.js → pending (?ms, ?B)
[2026-05-17T18:10:58.507Z] GET https://github.githubassets.com/assets/49029-3a132de206358025.js → pending (?ms, ?B)
[2026-05-17T18:10:58.507Z] GET https://github.githubassets.com/assets/99328-82a96596275fbd3e.js → pending (?ms, ?B)
[2026-05-17T18:10:58.507Z] GET https://github.githubassets.com/assets/behaviors-562601653a2bcbb7.js → pending (?ms, ?B)
[2026-05-17T18:10:58.507Z] GET https://github.githubassets.com/assets/react-core.06bbbc99d75f3438.module.css → 200 (123ms, 446B)
[2026-05-17T18:10:58.507Z] GET https://github.githubassets.com/assets/4244-23afe633cce1a60f.js → pending (?ms, ?B)
[2026-05-17T18:10:58.507Z] GET https://github.githubassets.com/assets/notifications-global-f606f675f96cab09.js → pending (?ms, ?B)
[2026-05-17T18:10:58.507Z] GET https://github.githubassets.com/assets/19262-bb9ee74f400ec0d8.js → pending (?ms, ?B)
[2026-05-17T18:10:58.507Z] GET https://github.githubassets.com/assets/17432-53b7da693b37b63d.js → pending (?ms, ?B)
[2026-05-17T18:10:58.507Z] GET https://github.githubassets.com/assets/19930-bb2b3a42ab662902.js → pending (?ms, ?B)
[2026-05-17T18:10:58.507Z] GET https://github.githubassets.com/assets/codespaces-842195fa2d6528a0.js → pending (?ms, ?B)
[2026-05-17T18:10:58.507Z] GET https://github.githubassets.com/assets/81730-6970e138371d9dc1.js → pending (?ms, ?B)
[2026-05-17T18:10:58.507Z] GET https://github.githubassets.com/assets/70206-61154d4f392ace98.js → pending (?ms, ?B)
[2026-05-17T18:10:58.507Z] GET https://github.githubassets.com/assets/repositories-569e334544e26a96.js → pending (?ms, ?B)
[2026-05-17T18:10:58.507Z] GET https://github.githubassets.com/assets/39373-492474704424a123.js → pending (?ms, ?B)
[2026-05-17T18:10:58.507Z] GET https://github.githubassets.com/assets/code-menu-e8e8599937052467.js → pending (?ms, ?B)
[2026-05-17T18:10:58.507Z] GET https://github.githubassets.com/assets/primer-react-4f74cec369e1e63b.js → pending (?ms, ?B)
[2026-05-17T18:10:58.507Z] GET https://github.githubassets.com/assets/octicons-react-44319dfc86806a23.js → pending (?ms, ?B)
[2026-05-17T18:10:58.508Z] GET https://github.githubassets.com/assets/89602-ec245454983f1a54.js → pending (?ms, ?B)
[2026-05-17T18:10:58.508Z] GET https://github.githubassets.com/assets/26011-77e5667ce4f74ab5.js → pending (?ms, ?B)
[2026-05-17T18:10:58.508Z] GET https://github.githubassets.com/assets/68751-3dce390992441fd6.js → pending (?ms, ?B)
[2026-05-17T18:10:58.508Z] GET https://github.githubassets.com/assets/47062-6ed217228ec39285.js → pending (?ms, ?B)
[2026-05-17T18:10:58.508Z] GET https://github.githubassets.com/assets/437-847e8d3c70e1c7c7.js → pending (?ms, ?B)
[2026-05-17T18:10:58.508Z] GET https://github.githubassets.com/assets/7463-3f2319a5b1d5fdf1.js → pending (?ms, ?B)
[2026-05-17T18:10:58.508Z] GET https://github.githubassets.com/assets/15272-37128cbcef9c407d.js → pending (?ms, ?B)
[2026-05-17T18:10:58.508Z] GET https://github.githubassets.com/assets/32769-7d625bebe80afbbb.js → pending (?ms, ?B)
[2026-05-17T18:10:58.508Z] GET https://github.githubassets.com/assets/36505-ec0b151049909ecc.js → pending (?ms, ?B)
[2026-05-17T18:10:58.508Z] GET https://github.githubassets.com/assets/42580-f867ebe9f2495461.js → pending (?ms, ?B)
[2026-05-17T18:10:58.508Z] GET https://github.githubassets.com/assets/46148-a18207488818b6e9.js → pending (?ms, ?B)
[2026-05-17T18:10:58.508Z] GET https://github.githubassets.com/assets/82097-73dc76bdbed2d100.js → pending (?ms, ?B)
[2026-05-17T18:10:58.508Z] GET https://github.githubassets.com/assets/23261-08f4efe78f75093c.js → pending (?ms, ?B)
[2026-05-17T18:10:58.508Z] GET https://github.githubassets.com/assets/63991-105c884f110feb11.js → pending (?ms, ?B)
[2026-05-17T18:10:58.509Z] GET https://github.githubassets.com/assets/59852-a4f8573f03aec5f8.js → pending (?ms, ?B)
[2026-05-17T18:10:58.509Z] GET https://github.githubassets.com/assets/3624-292568ca32de3828.js → pending (?ms, ?B)
[2026-05-17T18:10:58.509Z] GET https://github.githubassets.com/assets/66231-13530916ac72181f.js → pending (?ms, ?B)
[2026-05-17T18:10:58.509Z] GET https://github.githubassets.com/assets/71001-de64f5677eb93ba4.js → pending (?ms, ?B)
[2026-05-17T18:10:58.509Z] GET https://github.githubassets.com/assets/33684-63332d18d5e732ae.js → pending (?ms, ?B)
[2026-05-17T18:10:58.509Z] GET https://github.githubassets.com/assets/71410-8a3dd365b29d1c25.js → pending (?ms, ?B)
[2026-05-17T18:10:58.509Z] GET https://github.githubassets.com/assets/96755-a6cf667419df8bb1.js → pending (?ms, ?B)
[2026-05-17T18:10:58.509Z] GET https://github.githubassets.com/assets/24787-5b3d2c81febeda7c.js → pending (?ms, ?B)
[2026-05-17T18:10:58.509Z] GET https://github.githubassets.com/assets/4916-2977f188a111b642.js → pending (?ms, ?B)
[2026-05-17T18:10:58.509Z] GET https://github.githubassets.com/assets/75674-22c663b9cee433ea.js → pending (?ms, ?B)
[2026-05-17T18:10:58.509Z] GET https://github.githubassets.com/assets/75601-41b328952dfb31b7.js → pending (?ms, ?B)
[2026-05-17T18:10:58.509Z] GET https://github.githubassets.com/assets/8987-4aeac025e8f34122.js → pending (?ms, ?B)
[2026-05-17T18:10:58.509Z] GET https://github.githubassets.com/assets/41371-da8a152ddcde68c3.js → pending (?ms, ?B)
[2026-05-17T18:10:58.509Z] GET https://github.githubassets.com/assets/38184-fd02f678828a0117.js → pending (?ms, ?B)
[2026-05-17T18:10:58.509Z] GET https://github.githubassets.com/assets/85748-4bc555956bcce505.js → pending (?ms, ?B)
[2026-05-17T18:10:58.510Z] GET https://github.githubassets.com/assets/41110-5d7d883d3ebccf8d.js → pending (?ms, ?B)
[2026-05-17T18:10:58.510Z] GET https://github.githubassets.com/assets/35061-13792897bf4a550b.js → pending (?ms, ?B)
[2026-05-17T18:10:58.510Z] GET https://github.githubassets.com/assets/82814-85aa8f238efd2721.js → pending (?ms, ?B)
[2026-05-17T18:10:58.510Z] GET https://github.githubassets.com/assets/6597-25f432a8beff143d.js → pending (?ms, ?B)
[2026-05-17T18:10:58.510Z] GET https://github.githubassets.com/assets/17626-b76793b338fd557a.js → pending (?ms, ?B)
[2026-05-17T18:10:58.510Z] GET https://github.githubassets.com/assets/50110-cd07f1297612087b.js → pending (?ms, ?B)
[2026-05-17T18:10:58.510Z] GET https://github.githubassets.com/assets/26497-60093ff9d9418a7a.js → pending (?ms, ?B)
[2026-05-17T18:10:58.510Z] GET https://github.githubassets.com/assets/16448-f579e6ad55d19626.js → pending (?ms, ?B)
[2026-05-17T18:10:58.510Z] GET https://github.githubassets.com/assets/64443-588188690a463588.js → pending (?ms, ?B)
[2026-05-17T18:10:58.510Z] GET https://github.githubassets.com/assets/code-view-dafe3d65b04e343b.js → pending (?ms, ?B)
[2026-05-17T18:10:58.510Z] GET https://github.githubassets.com/assets/primer-react-css.330eaa2afd4e6bbe.module.css → 200 (131ms, 277616B)
[2026-05-17T18:10:58.510Z] GET https://github.githubassets.com/assets/code-view.50a14c2d7f7743a0.module.css → 200 (121ms, 108648B)
[2026-05-17T18:10:58.510Z] GET https://github.githubassets.com/assets/84534-73dd66523c5dca00.js → pending (?ms, ?B)
[2026-05-17T18:10:58.510Z] GET https://github.githubassets.com/assets/88041-1854965ae0aa2312.js → pending (?ms, ?B)
[2026-05-17T18:10:58.510Z] GET https://github.githubassets.com/assets/notifications-subscriptions-menu-949f90519664647a.js → pending (?ms, ?B)
[2026-05-17T18:10:58.510Z] GET https://github.githubassets.com/assets/notifications-subscriptions-menu.fc08986886354f31.module.css → 200 (131ms, 2758B)
[2026-05-17T18:10:58.510Z] GET https://github.githubassets.com/assets/keyboard-shortcuts-dialog.49ad54e4217169b8.module.css → 200 (119ms, 331B)
[2026-05-17T18:10:58.511Z] GET https://github.githubassets.com/assets/46752-d5db05914f34e085.js → pending (?ms, ?B)
[2026-05-17T18:10:58.512Z] GET https://github.githubassets.com/assets/90350-46ab3e82221576f4.js → pending (?ms, ?B)
[2026-05-17T18:10:58.512Z] GET https://github.githubassets.com/assets/sessions-b58137a2a631e162.js → pending (?ms, ?B)
[2026-05-17T18:10:58.512Z] GET https://github.githubassets.com/assets/marketing-navigation.0caf63de528294b1.module.css → 200 (116ms, 10727B)
[2026-05-17T18:10:58.513Z] GET https://github.com/carlosazaustre/tenacitOS/raw/main/docs/screenshots/dashboard.jpg → pending (?ms, ?B)
[2026-05-17T18:10:58.513Z] GET https://github.com/carlosazaustre/tenacitOS/raw/main/docs/screenshots/sessions.jpg → pending (?ms, ?B)
[2026-05-17T18:10:58.513Z] GET https://github.com/carlosazaustre/tenacitOS/raw/main/docs/screenshots/costs.jpg → pending (?ms, ?B)
[2026-05-17T18:10:58.513Z] GET https://github.com/carlosazaustre/tenacitOS/raw/main/docs/screenshots/system.jpg → pending (?ms, ?B)
[2026-05-17T18:10:58.513Z] GET https://github.com/carlosazaustre/tenacitOS/raw/main/docs/screenshots/office3d.jpg → pending (?ms, ?B)
[2026-05-17T18:10:58.513Z] GET https://avatars.githubusercontent.com/u/650752?s=64&v=4 → pending (?ms, ?B)
[2026-05-17T18:10:59.045Z] GET https://raw.githubusercontent.com/carlosazaustre/tenacitOS/main/docs/screenshots/dashboard.jpg → 200 (112ms, ?B)
[2026-05-17T18:10:59.046Z] GET https://raw.githubusercontent.com/carlosazaustre/tenacitOS/main/docs/screenshots/sessions.jpg → 200 (166ms, ?B)
[2026-05-17T18:10:59.051Z] GET https://raw.githubusercontent.com/carlosazaustre/tenacitOS/main/docs/screenshots/office3d.jpg → 200 (106ms, ?B)
[2026-05-17T18:10:59.051Z] GET https://raw.githubusercontent.com/carlosazaustre/tenacitOS/main/docs/screenshots/system.jpg → 200 (103ms, ?B)
[2026-05-17T18:10:59.051Z] GET https://raw.githubusercontent.com/carlosazaustre/tenacitOS/main/docs/screenshots/costs.jpg → 200 (161ms, ?B)
[2026-05-17T18:10:59.435Z] GET https://github.githubassets.com/assets/chunk-59113-a690e7fca35da5d6.js → pending (?ms, ?B)
[2026-05-17T18:10:59.545Z] GET https://github.githubassets.com/assets/chunk-51591-5af5bf6686b867c1.js → pending (?ms, ?B)
[2026-05-17T18:10:59.545Z] GET https://github.githubassets.com/assets/chunk-34877-b347c5a5687f6896.js → pending (?ms, ?B)
[2026-05-17T18:10:59.545Z] GET https://github.githubassets.com/assets/chunk-36423-720e5c1e9f28df38.js → pending (?ms, ?B)
[2026-05-17T18:10:59.545Z] GET https://github.githubassets.com/assets/1337-e8f6b7805501d079.js → pending (?ms, ?B)
[2026-05-17T18:10:59.545Z] GET https://github.githubassets.com/assets/2694-6e858cef002fd527.js → pending (?ms, ?B)
[2026-05-17T18:10:59.545Z] GET https://github.githubassets.com/assets/chunk-87740-b3b6374a86ee25f1.js → pending (?ms, ?B)
[2026-05-17T18:10:59.545Z] GET https://github.githubassets.com/assets/chunk-57335-a11f49330891a1b8.js → pending (?ms, ?B)
[2026-05-17T18:10:59.545Z] GET https://github.githubassets.com/assets/55077-cdc670a70b02b587.js → pending (?ms, ?B)
[2026-05-17T18:10:59.545Z] GET https://github.githubassets.com/assets/chunk-78326-dcdbe64a45417086.js → pending (?ms, ?B)
[2026-05-17T18:10:59.545Z] GET https://github.githubassets.com/assets/chunk-50050-0e28cd18222caac6.js → pending (?ms, ?B)
[2026-05-17T18:10:59.546Z] GET https://github.githubassets.com/assets/chunk-59342-0459f970539d12cc.js → pending (?ms, ?B)
[2026-05-17T18:10:59.546Z] GET https://github.githubassets.com/assets/chunk-92814-95f147b810949f26.js → pending (?ms, ?B)
[2026-05-17T18:10:59.546Z] GET https://github.githubassets.com/assets/chunk-69038-4b49d509a0d5a349.js → pending (?ms, ?B)
[2026-05-17T18:10:59.546Z] GET https://github.githubassets.com/assets/chunk-46661-487cf073f564db66.js → pending (?ms, ?B)
[2026-05-17T18:10:59.547Z] GET https://github.githubassets.com/assets/8460-1e31743fb483a022.js → pending (?ms, ?B)
[2026-05-17T18:10:59.547Z] GET https://github.githubassets.com/assets/38963.cb21c1afb12a325d.module.css → 200 (?ms, ?B)
[2026-05-17T18:10:59.547Z] GET https://github.githubassets.com/assets/71236-4dec2ee0692c7e78.js → pending (?ms, ?B)
[2026-05-17T18:10:59.547Z] GET https://github.githubassets.com/assets/95090-ad692e4096c7c299.js → pending (?ms, ?B)
[2026-05-17T18:10:59.547Z] GET https://github.githubassets.com/assets/24192-769e533db19e764b.js → pending (?ms, ?B)
[2026-05-17T18:10:59.547Z] GET https://github.githubassets.com/assets/70168.9ca30da65f3cc553.module.css → 200 (?ms, ?B)
[2026-05-17T18:10:59.782Z] GET https://github.com/carlosazaustre/tenacitOS/latest-commit → pending (?ms, ?B)
[2026-05-17T18:10:59.782Z] GET https://github.com/carlosazaustre/tenacitOS/tree-commit-info → pending (?ms, ?B)
[2026-05-17T18:10:59.782Z] GET https://github.com/carlosazaustre/tenacitOS/recently-touched-branches → pending (?ms, ?B)
[2026-05-17T18:10:59.782Z] GET https://github.com/carlosazaustre/tenacitOS/branch-and-tag-count → pending (?ms, ?B)
[2026-05-17T18:10:59.930Z] GET https://github.com/carlosazaustre/tenacitOS/hovercards/citation/sidebar_partial?tree_name=main → 204 (306ms, ?B)
[2026-05-17T18:10:59.930Z] GET https://github.com/carlosazaustre/tenacitOS/packages_list?current_repository=tenacitOS → 200 (419ms, 402B)
[2026-05-17T18:11:00.075Z] GET https://github.com/carlosazaustre/tenacitOS/refs?type=branch → 200 (270ms, 46B)
[2026-05-17T18:11:00.075Z] GET https://github.com/carlosazaustre/tenacitOS/overview-files/main → 200 (456ms, 130873B)
[2026-05-17T18:11:00.166Z] GET https://avatars.githubusercontent.com/u/650752?v=4&size=40 → 200 (14ms, 2535B)
[2026-05-17T18:11:00.359Z] GET https://github.githubassets.com/assets/chunk-85825-311c11e4756fbf7d.js → 200 (87ms, 43835B)
[2026-05-17T18:11:00.364Z] GET https://github.githubassets.com/assets/appearance-settings.cb51a6d32334428a.module.css → 200 (80ms, 5911B)
[2026-05-17T18:11:00.444Z] GET https://github.githubassets.com/assets/32781-a24b2ab37c2e1233.js → 200 (6ms, 15536B)
[2026-05-17T18:11:00.444Z] GET https://github.githubassets.com/assets/71849.d4f6149f7a0b8623.module.css → 200 (1ms, 5897B)
[2026-05-17T18:11:00.444Z] GET https://github.githubassets.com/assets/chunk-lazy-react-partial-appearance-settings-6eec07e8a99aec2a.js → 200 (6ms, 5984B)
[2026-05-17T18:11:00.655Z] POST https://collector.github.com/github/collect → pending (?ms, ?B)
[2026-05-17T18:11:00.674Z] GET https://github.githubassets.com/assets/37103.dc3b488bbecf95b3.module.css → 200 (77ms, 1374B)
[2026-05-17T18:11:00.674Z] GET https://github.githubassets.com/assets/chunk-37103-c3bfd5a748d49361.js → 200 (78ms, 3893B)
[2026-05-17T18:11:00.675Z] POST https://api.github.com/_private/browser/stats → pending (?ms, ?B)
[2026-05-17T18:11:00.679Z] POST https://collector.github.com/github/collect → pending (?ms, ?B)
[2026-05-17T18:11:00.826Z] POST https://collector.github.com/github/collect → pending (?ms, ?B)
[2026-05-17T18:11:00.850Z] POST https://collector.github.com/github/collect → pending (?ms, ?B)
[2026-05-17T18:11:05.681Z] POST https://collector.github.com/github/collect → pending (?ms, ?B)
